[2026-02-27T23:15:50.602+0000] {local_task_job_runner.py:120} INFO - ::group::Pre task execution logs
[2026-02-27T23:15:50.649+0000] {taskinstance.py:2073} INFO - Dependencies all met for dep_context=non-requeueable deps ti=<TaskInstance: arquitectura_retail_completa.procesamiento.procesamiento_pesado scheduled__2026-02-26T00:00:00+00:00 [queued]>
[2026-02-27T23:15:50.665+0000] {taskinstance.py:2073} INFO - Dependencies all met for dep_context=requeueable deps ti=<TaskInstance: arquitectura_retail_completa.procesamiento.procesamiento_pesado scheduled__2026-02-26T00:00:00+00:00 [queued]>
[2026-02-27T23:15:50.667+0000] {taskinstance.py:2303} INFO - Starting attempt 1 of 1
[2026-02-27T23:15:50.691+0000] {taskinstance.py:2327} INFO - Executing <Task(PythonOperator): procesamiento.procesamiento_pesado> on 2026-02-26 00:00:00+00:00
[2026-02-27T23:15:50.698+0000] {warnings.py:110} WARNING - /home/***/.local/lib/python3.12/site-packages/***/task/task_runner/standard_task_runner.py:61: DeprecationWarning: This process (pid=65) is multi-threaded, use of fork() may lead to deadlocks in the child.
  pid = os.fork()

[2026-02-27T23:15:50.701+0000] {standard_task_runner.py:63} INFO - Started process 67 to run task
[2026-02-27T23:15:50.702+0000] {standard_task_runner.py:90} INFO - Running: ['***', 'tasks', 'run', 'arquitectura_retail_completa', 'procesamiento.procesamiento_pesado', 'scheduled__2026-02-26T00:00:00+00:00', '--job-id', '15', '--raw', '--subdir', 'DAGS_FOLDER/arquitectura_retail_completa.py', '--cfg-path', '/tmp/tmpk5agcws7']
[2026-02-27T23:15:50.706+0000] {standard_task_runner.py:91} INFO - Job 15: Subtask procesamiento.procesamiento_pesado
[2026-02-27T23:15:50.728+0000] {warnings.py:110} WARNING - /home/***/.local/lib/python3.12/site-packages/***/settings.py:195: DeprecationWarning: The sql_alchemy_conn option in [core] has been moved to the sql_alchemy_conn option in [database] - the old setting has been used, but please update your config.
  SQL_ALCHEMY_CONN = conf.get("database", "SQL_ALCHEMY_CONN")

[2026-02-27T23:15:50.787+0000] {task_command.py:426} INFO - Running <TaskInstance: arquitectura_retail_completa.procesamiento.procesamiento_pesado scheduled__2026-02-26T00:00:00+00:00 [running]> on host 8406c535e4ce
[2026-02-27T23:15:50.927+0000] {taskinstance.py:2644} INFO - Exporting env vars: AIRFLOW_CTX_DAG_OWNER='***' AIRFLOW_CTX_DAG_ID='arquitectura_retail_completa' AIRFLOW_CTX_TASK_ID='procesamiento.procesamiento_pesado' AIRFLOW_CTX_EXECUTION_DATE='2026-02-26T00:00:00+00:00' AIRFLOW_CTX_TRY_NUMBER='1' AIRFLOW_CTX_DAG_RUN_ID='scheduled__2026-02-26T00:00:00+00:00'
[2026-02-27T23:15:50.929+0000] {taskinstance.py:430} INFO - ::endgroup::
[2026-02-27T23:15:50.947+0000] {logging_mixin.py:188} INFO - Procesamiento pesado ejecutado
[2026-02-27T23:15:50.948+0000] {python.py:237} INFO - Done. Returned value was: None
[2026-02-27T23:15:50.949+0000] {taskinstance.py:441} INFO - ::group::Post task execution logs
[2026-02-27T23:15:50.966+0000] {taskinstance.py:1205} INFO - Marking task as SUCCESS. dag_id=arquitectura_retail_completa, task_id=procesamiento.procesamiento_pesado, execution_date=20260226T000000, start_date=20260227T231550, end_date=20260227T231550
[2026-02-27T23:15:51.000+0000] {local_task_job_runner.py:240} INFO - Task exited with return code 0
[2026-02-27T23:15:51.043+0000] {taskinstance.py:3482} INFO - 0 downstream tasks scheduled from follow-on schedule check
[2026-02-27T23:15:51.047+0000] {local_task_job_runner.py:222} INFO - ::endgroup::
