[2026-02-27T22:56:11.011+0000] {local_task_job_runner.py:120} INFO - ::group::Pre task execution logs
[2026-02-27T22:56:11.045+0000] {taskinstance.py:2073} INFO - Dependencies all met for dep_context=non-requeueable deps ti=<TaskInstance: pipeline_monitoring_demo.transform scheduled__2026-02-26T00:00:00+00:00 [queued]>
[2026-02-27T22:56:11.058+0000] {taskinstance.py:2073} INFO - Dependencies all met for dep_context=requeueable deps ti=<TaskInstance: pipeline_monitoring_demo.transform scheduled__2026-02-26T00:00:00+00:00 [queued]>
[2026-02-27T22:56:11.059+0000] {taskinstance.py:2303} INFO - Starting attempt 1 of 3
[2026-02-27T22:56:11.084+0000] {taskinstance.py:2327} INFO - Executing <Task(PythonOperator): transform> on 2026-02-26 00:00:00+00:00
[2026-02-27T22:56:11.094+0000] {warnings.py:110} WARNING - /home/***/.local/lib/python3.12/site-packages/***/task/task_runner/standard_task_runner.py:61: DeprecationWarning: This process (pid=53) is multi-threaded, use of fork() may lead to deadlocks in the child.
  pid = os.fork()

[2026-02-27T22:56:11.097+0000] {standard_task_runner.py:63} INFO - Started process 54 to run task
[2026-02-27T22:56:11.096+0000] {standard_task_runner.py:90} INFO - Running: ['***', 'tasks', 'run', 'pipeline_monitoring_demo', 'transform', 'scheduled__2026-02-26T00:00:00+00:00', '--job-id', '5', '--raw', '--subdir', 'DAGS_FOLDER/pipeline_monitoring_demo.py', '--cfg-path', '/tmp/tmpwm15m3pm']
[2026-02-27T22:56:11.101+0000] {standard_task_runner.py:91} INFO - Job 5: Subtask transform
[2026-02-27T22:56:11.129+0000] {warnings.py:110} WARNING - /home/***/.local/lib/python3.12/site-packages/***/settings.py:195: DeprecationWarning: The sql_alchemy_conn option in [core] has been moved to the sql_alchemy_conn option in [database] - the old setting has been used, but please update your config.
  SQL_ALCHEMY_CONN = conf.get("database", "SQL_ALCHEMY_CONN")

[2026-02-27T22:56:11.203+0000] {task_command.py:426} INFO - Running <TaskInstance: pipeline_monitoring_demo.transform scheduled__2026-02-26T00:00:00+00:00 [running]> on host 2d1708367986
[2026-02-27T22:56:11.352+0000] {taskinstance.py:2644} INFO - Exporting env vars: AIRFLOW_CTX_DAG_OWNER='***' AIRFLOW_CTX_DAG_ID='pipeline_monitoring_demo' AIRFLOW_CTX_TASK_ID='transform' AIRFLOW_CTX_EXECUTION_DATE='2026-02-26T00:00:00+00:00' AIRFLOW_CTX_TRY_NUMBER='1' AIRFLOW_CTX_DAG_RUN_ID='scheduled__2026-02-26T00:00:00+00:00'
[2026-02-27T22:56:11.356+0000] {taskinstance.py:430} INFO - ::endgroup::
[2026-02-27T22:56:11.395+0000] {python.py:237} INFO - Done. Returned value was: {'output_records': 950.0, 'quality': 0.98}
[2026-02-27T22:56:11.396+0000] {taskinstance.py:441} INFO - ::group::Post task execution logs
[2026-02-27T22:56:11.442+0000] {taskinstance.py:1205} INFO - Marking task as SUCCESS. dag_id=pipeline_monitoring_demo, task_id=transform, execution_date=20260226T000000, start_date=20260227T225611, end_date=20260227T225611
[2026-02-27T22:56:11.476+0000] {local_task_job_runner.py:240} INFO - Task exited with return code 0
[2026-02-27T22:56:11.508+0000] {taskinstance.py:3482} INFO - 1 downstream tasks scheduled from follow-on schedule check
[2026-02-27T22:56:11.512+0000] {local_task_job_runner.py:222} INFO - ::endgroup::
