[2026-02-27T23:15:44.510+0000] {local_task_job_runner.py:120} INFO - ::group::Pre task execution logs
[2026-02-27T23:15:44.570+0000] {taskinstance.py:2073} INFO - Dependencies all met for dep_context=non-requeueable deps ti=<TaskInstance: arquitectura_retail_completa.ingesta.inventario scheduled__2026-02-26T00:00:00+00:00 [queued]>
[2026-02-27T23:15:44.590+0000] {taskinstance.py:2073} INFO - Dependencies all met for dep_context=requeueable deps ti=<TaskInstance: arquitectura_retail_completa.ingesta.inventario scheduled__2026-02-26T00:00:00+00:00 [queued]>
[2026-02-27T23:15:44.591+0000] {taskinstance.py:2303} INFO - Starting attempt 1 of 1
[2026-02-27T23:15:44.618+0000] {taskinstance.py:2327} INFO - Executing <Task(PythonOperator): ingesta.inventario> on 2026-02-26 00:00:00+00:00
[2026-02-27T23:15:44.633+0000] {warnings.py:110} WARNING - /home/***/.local/lib/python3.12/site-packages/***/task/task_runner/standard_task_runner.py:61: DeprecationWarning: This process (pid=52) is multi-threaded, use of fork() may lead to deadlocks in the child.
  pid = os.fork()

[2026-02-27T23:15:44.645+0000] {standard_task_runner.py:63} INFO - Started process 55 to run task
[2026-02-27T23:15:44.638+0000] {standard_task_runner.py:90} INFO - Running: ['***', 'tasks', 'run', 'arquitectura_retail_completa', 'ingesta.inventario', 'scheduled__2026-02-26T00:00:00+00:00', '--job-id', '9', '--raw', '--subdir', 'DAGS_FOLDER/arquitectura_retail_completa.py', '--cfg-path', '/tmp/tmp613ku8ws']
[2026-02-27T23:15:44.652+0000] {standard_task_runner.py:91} INFO - Job 9: Subtask ingesta.inventario
[2026-02-27T23:15:44.733+0000] {warnings.py:110} WARNING - /home/***/.local/lib/python3.12/site-packages/***/settings.py:195: DeprecationWarning: The sql_alchemy_conn option in [core] has been moved to the sql_alchemy_conn option in [database] - the old setting has been used, but please update your config.
  SQL_ALCHEMY_CONN = conf.get("database", "SQL_ALCHEMY_CONN")

[2026-02-27T23:15:44.990+0000] {task_command.py:426} INFO - Running <TaskInstance: arquitectura_retail_completa.ingesta.inventario scheduled__2026-02-26T00:00:00+00:00 [running]> on host 8406c535e4ce
[2026-02-27T23:15:45.467+0000] {taskinstance.py:2644} INFO - Exporting env vars: AIRFLOW_CTX_DAG_OWNER='***' AIRFLOW_CTX_DAG_ID='arquitectura_retail_completa' AIRFLOW_CTX_TASK_ID='ingesta.inventario' AIRFLOW_CTX_EXECUTION_DATE='2026-02-26T00:00:00+00:00' AIRFLOW_CTX_TRY_NUMBER='1' AIRFLOW_CTX_DAG_RUN_ID='scheduled__2026-02-26T00:00:00+00:00'
[2026-02-27T23:15:45.475+0000] {taskinstance.py:430} INFO - ::endgroup::
[2026-02-27T23:15:45.583+0000] {logging_mixin.py:188} INFO - Extrayendo inventario desde BD...
[2026-02-27T23:15:45.585+0000] {python.py:237} INFO - Done. Returned value was: None
[2026-02-27T23:15:45.587+0000] {taskinstance.py:441} INFO - ::group::Post task execution logs
[2026-02-27T23:15:45.624+0000] {taskinstance.py:1205} INFO - Marking task as SUCCESS. dag_id=arquitectura_retail_completa, task_id=ingesta.inventario, execution_date=20260226T000000, start_date=20260227T231544, end_date=20260227T231545
[2026-02-27T23:15:45.678+0000] {local_task_job_runner.py:240} INFO - Task exited with return code 0
[2026-02-27T23:15:45.723+0000] {taskinstance.py:3482} INFO - 1 downstream tasks scheduled from follow-on schedule check
[2026-02-27T23:15:45.727+0000] {local_task_job_runner.py:222} INFO - ::endgroup::
