[2026-02-27T23:15:50.621+0000] {local_task_job_runner.py:120} INFO - ::group::Pre task execution logs
[2026-02-27T23:15:50.655+0000] {taskinstance.py:2073} INFO - Dependencies all met for dep_context=non-requeueable deps ti=<TaskInstance: pipeline_simple.paso_3 scheduled__2026-02-26T00:00:00+00:00 [queued]>
[2026-02-27T23:15:50.668+0000] {taskinstance.py:2073} INFO - Dependencies all met for dep_context=requeueable deps ti=<TaskInstance: pipeline_simple.paso_3 scheduled__2026-02-26T00:00:00+00:00 [queued]>
[2026-02-27T23:15:50.669+0000] {taskinstance.py:2303} INFO - Starting attempt 1 of 2
[2026-02-27T23:15:50.689+0000] {taskinstance.py:2327} INFO - Executing <Task(PythonOperator): paso_3> on 2026-02-26 00:00:00+00:00
[2026-02-27T23:15:50.698+0000] {warnings.py:110} WARNING - /home/***/.local/lib/python3.12/site-packages/***/task/task_runner/standard_task_runner.py:61: DeprecationWarning: This process (pid=66) is multi-threaded, use of fork() may lead to deadlocks in the child.
  pid = os.fork()

[2026-02-27T23:15:50.701+0000] {standard_task_runner.py:63} INFO - Started process 68 to run task
[2026-02-27T23:15:50.702+0000] {standard_task_runner.py:90} INFO - Running: ['***', 'tasks', 'run', 'pipeline_simple', 'paso_3', 'scheduled__2026-02-26T00:00:00+00:00', '--job-id', '16', '--raw', '--subdir', 'DAGS_FOLDER/pipeline_simple_dag.py', '--cfg-path', '/tmp/tmpuqogpg84']
[2026-02-27T23:15:50.706+0000] {standard_task_runner.py:91} INFO - Job 16: Subtask paso_3
[2026-02-27T23:15:50.733+0000] {warnings.py:110} WARNING - /home/***/.local/lib/python3.12/site-packages/***/settings.py:195: DeprecationWarning: The sql_alchemy_conn option in [core] has been moved to the sql_alchemy_conn option in [database] - the old setting has been used, but please update your config.
  SQL_ALCHEMY_CONN = conf.get("database", "SQL_ALCHEMY_CONN")

[2026-02-27T23:15:50.787+0000] {task_command.py:426} INFO - Running <TaskInstance: pipeline_simple.paso_3 scheduled__2026-02-26T00:00:00+00:00 [running]> on host 8406c535e4ce
[2026-02-27T23:15:50.927+0000] {taskinstance.py:2644} INFO - Exporting env vars: AIRFLOW_CTX_DAG_OWNER='mauricio' AIRFLOW_CTX_DAG_ID='pipeline_simple' AIRFLOW_CTX_TASK_ID='paso_3' AIRFLOW_CTX_EXECUTION_DATE='2026-02-26T00:00:00+00:00' AIRFLOW_CTX_TRY_NUMBER='1' AIRFLOW_CTX_DAG_RUN_ID='scheduled__2026-02-26T00:00:00+00:00'
[2026-02-27T23:15:50.930+0000] {taskinstance.py:430} INFO - ::endgroup::
[2026-02-27T23:15:50.948+0000] {logging_mixin.py:188} INFO - Ejecutando paso_3: Guardar en base de datos
[2026-02-27T23:15:50.966+0000] {logging_mixin.py:188} INFO - Guardando datos: None
[2026-02-27T23:15:50.967+0000] {python.py:237} INFO - Done. Returned value was: None
[2026-02-27T23:15:50.968+0000] {taskinstance.py:441} INFO - ::group::Post task execution logs
[2026-02-27T23:15:50.983+0000] {taskinstance.py:1205} INFO - Marking task as SUCCESS. dag_id=pipeline_simple, task_id=paso_3, execution_date=20260226T000000, start_date=20260227T231550, end_date=20260227T231550
[2026-02-27T23:15:51.040+0000] {local_task_job_runner.py:240} INFO - Task exited with return code 0
[2026-02-27T23:15:51.070+0000] {taskinstance.py:3482} INFO - 0 downstream tasks scheduled from follow-on schedule check
[2026-02-27T23:15:51.073+0000] {local_task_job_runner.py:222} INFO - ::endgroup::
