[2026-02-27T23:15:46.385+0000] {local_task_job_runner.py:120} INFO - ::group::Pre task execution logs
[2026-02-27T23:15:46.423+0000] {taskinstance.py:2073} INFO - Dependencies all met for dep_context=non-requeueable deps ti=<TaskInstance: pipeline_simple.paso_1 scheduled__2026-02-26T00:00:00+00:00 [queued]>
[2026-02-27T23:15:46.436+0000] {taskinstance.py:2073} INFO - Dependencies all met for dep_context=requeueable deps ti=<TaskInstance: pipeline_simple.paso_1 scheduled__2026-02-26T00:00:00+00:00 [queued]>
[2026-02-27T23:15:46.437+0000] {taskinstance.py:2303} INFO - Starting attempt 1 of 2
[2026-02-27T23:15:46.456+0000] {taskinstance.py:2327} INFO - Executing <Task(PythonOperator): paso_1> on 2026-02-26 00:00:00+00:00
[2026-02-27T23:15:46.467+0000] {warnings.py:110} WARNING - /home/***/.local/lib/python3.12/site-packages/***/task/task_runner/standard_task_runner.py:61: DeprecationWarning: This process (pid=56) is multi-threaded, use of fork() may lead to deadlocks in the child.
  pid = os.fork()

[2026-02-27T23:15:46.471+0000] {standard_task_runner.py:63} INFO - Started process 58 to run task
[2026-02-27T23:15:46.471+0000] {standard_task_runner.py:90} INFO - Running: ['***', 'tasks', 'run', 'pipeline_simple', 'paso_1', 'scheduled__2026-02-26T00:00:00+00:00', '--job-id', '11', '--raw', '--subdir', 'DAGS_FOLDER/pipeline_simple_dag.py', '--cfg-path', '/tmp/tmpqjeku4o8']
[2026-02-27T23:15:46.476+0000] {standard_task_runner.py:91} INFO - Job 11: Subtask paso_1
[2026-02-27T23:15:46.502+0000] {warnings.py:110} WARNING - /home/***/.local/lib/python3.12/site-packages/***/settings.py:195: DeprecationWarning: The sql_alchemy_conn option in [core] has been moved to the sql_alchemy_conn option in [database] - the old setting has been used, but please update your config.
  SQL_ALCHEMY_CONN = conf.get("database", "SQL_ALCHEMY_CONN")

[2026-02-27T23:15:46.568+0000] {task_command.py:426} INFO - Running <TaskInstance: pipeline_simple.paso_1 scheduled__2026-02-26T00:00:00+00:00 [running]> on host 8406c535e4ce
[2026-02-27T23:15:46.755+0000] {taskinstance.py:2644} INFO - Exporting env vars: AIRFLOW_CTX_DAG_OWNER='mauricio' AIRFLOW_CTX_DAG_ID='pipeline_simple' AIRFLOW_CTX_TASK_ID='paso_1' AIRFLOW_CTX_EXECUTION_DATE='2026-02-26T00:00:00+00:00' AIRFLOW_CTX_TRY_NUMBER='1' AIRFLOW_CTX_DAG_RUN_ID='scheduled__2026-02-26T00:00:00+00:00'
[2026-02-27T23:15:46.757+0000] {taskinstance.py:430} INFO - ::endgroup::
[2026-02-27T23:15:46.779+0000] {logging_mixin.py:188} INFO - Ejecutando paso_1: Capturar datos de API
[2026-02-27T23:15:46.781+0000] {python.py:237} INFO - Done. Returned value was: {'valor': 42}
[2026-02-27T23:15:46.782+0000] {taskinstance.py:441} INFO - ::group::Post task execution logs
[2026-02-27T23:15:46.830+0000] {taskinstance.py:1205} INFO - Marking task as SUCCESS. dag_id=pipeline_simple, task_id=paso_1, execution_date=20260226T000000, start_date=20260227T231546, end_date=20260227T231546
[2026-02-27T23:15:46.890+0000] {local_task_job_runner.py:240} INFO - Task exited with return code 0
[2026-02-27T23:15:46.928+0000] {taskinstance.py:3482} INFO - 1 downstream tasks scheduled from follow-on schedule check
[2026-02-27T23:15:46.932+0000] {local_task_job_runner.py:222} INFO - ::endgroup::
