[2026-02-27T22:56:08.814+0000] {local_task_job_runner.py:120} INFO - ::group::Pre task execution logs
[2026-02-27T22:56:08.883+0000] {taskinstance.py:2073} INFO - Dependencies all met for dep_context=non-requeueable deps ti=<TaskInstance: pipeline_monitoring_demo.extract scheduled__2026-02-26T00:00:00+00:00 [queued]>
[2026-02-27T22:56:08.901+0000] {taskinstance.py:2073} INFO - Dependencies all met for dep_context=requeueable deps ti=<TaskInstance: pipeline_monitoring_demo.extract scheduled__2026-02-26T00:00:00+00:00 [queued]>
[2026-02-27T22:56:08.902+0000] {taskinstance.py:2303} INFO - Starting attempt 1 of 3
[2026-02-27T22:56:08.931+0000] {taskinstance.py:2327} INFO - Executing <Task(PythonOperator): extract> on 2026-02-26 00:00:00+00:00
[2026-02-27T22:56:08.951+0000] {warnings.py:110} WARNING - /home/***/.local/lib/python3.12/site-packages/***/task/task_runner/standard_task_runner.py:61: DeprecationWarning: This process (pid=51) is multi-threaded, use of fork() may lead to deadlocks in the child.
  pid = os.fork()

[2026-02-27T22:56:08.958+0000] {standard_task_runner.py:63} INFO - Started process 52 to run task
[2026-02-27T22:56:08.952+0000] {standard_task_runner.py:90} INFO - Running: ['***', 'tasks', 'run', 'pipeline_monitoring_demo', 'extract', 'scheduled__2026-02-26T00:00:00+00:00', '--job-id', '4', '--raw', '--subdir', 'DAGS_FOLDER/pipeline_monitoring_demo.py', '--cfg-path', '/tmp/tmpnsrm8pr8']
[2026-02-27T22:56:08.961+0000] {standard_task_runner.py:91} INFO - Job 4: Subtask extract
[2026-02-27T22:56:09.010+0000] {warnings.py:110} WARNING - /home/***/.local/lib/python3.12/site-packages/***/settings.py:195: DeprecationWarning: The sql_alchemy_conn option in [core] has been moved to the sql_alchemy_conn option in [database] - the old setting has been used, but please update your config.
  SQL_ALCHEMY_CONN = conf.get("database", "SQL_ALCHEMY_CONN")

[2026-02-27T22:56:09.133+0000] {task_command.py:426} INFO - Running <TaskInstance: pipeline_monitoring_demo.extract scheduled__2026-02-26T00:00:00+00:00 [running]> on host 2d1708367986
[2026-02-27T22:56:09.355+0000] {taskinstance.py:2644} INFO - Exporting env vars: AIRFLOW_CTX_DAG_OWNER='***' AIRFLOW_CTX_DAG_ID='pipeline_monitoring_demo' AIRFLOW_CTX_TASK_ID='extract' AIRFLOW_CTX_EXECUTION_DATE='2026-02-26T00:00:00+00:00' AIRFLOW_CTX_TRY_NUMBER='1' AIRFLOW_CTX_DAG_RUN_ID='scheduled__2026-02-26T00:00:00+00:00'
[2026-02-27T22:56:09.358+0000] {taskinstance.py:430} INFO - ::endgroup::
[2026-02-27T22:56:09.424+0000] {pipeline_monitoring_demo.py:19} INFO - Extract completed: 1000 records in 45.2s
[2026-02-27T22:56:09.425+0000] {python.py:237} INFO - Done. Returned value was: {'records': 1000, 'duration': 45.2}
[2026-02-27T22:56:09.427+0000] {taskinstance.py:441} INFO - ::group::Post task execution logs
[2026-02-27T22:56:09.481+0000] {taskinstance.py:1205} INFO - Marking task as SUCCESS. dag_id=pipeline_monitoring_demo, task_id=extract, execution_date=20260226T000000, start_date=20260227T225608, end_date=20260227T225609
[2026-02-27T22:56:09.545+0000] {local_task_job_runner.py:240} INFO - Task exited with return code 0
[2026-02-27T22:56:09.645+0000] {taskinstance.py:3482} INFO - 1 downstream tasks scheduled from follow-on schedule check
[2026-02-27T22:56:09.658+0000] {local_task_job_runner.py:222} INFO - ::endgroup::
