[2026-02-27T23:15:48.960+0000] {local_task_job_runner.py:120} INFO - ::group::Pre task execution logs
[2026-02-27T23:15:49.001+0000] {taskinstance.py:2073} INFO - Dependencies all met for dep_context=non-requeueable deps ti=<TaskInstance: arquitectura_retail_completa.procesamiento.decidir_ruta scheduled__2026-02-26T00:00:00+00:00 [queued]>
[2026-02-27T23:15:49.018+0000] {taskinstance.py:2073} INFO - Dependencies all met for dep_context=requeueable deps ti=<TaskInstance: arquitectura_retail_completa.procesamiento.decidir_ruta scheduled__2026-02-26T00:00:00+00:00 [queued]>
[2026-02-27T23:15:49.019+0000] {taskinstance.py:2303} INFO - Starting attempt 1 of 1
[2026-02-27T23:15:49.046+0000] {taskinstance.py:2327} INFO - Executing <Task(BranchPythonOperator): procesamiento.decidir_ruta> on 2026-02-26 00:00:00+00:00
[2026-02-27T23:15:49.059+0000] {warnings.py:110} WARNING - /home/***/.local/lib/python3.12/site-packages/***/task/task_runner/standard_task_runner.py:61: DeprecationWarning: This process (pid=62) is multi-threaded, use of fork() may lead to deadlocks in the child.
  pid = os.fork()

[2026-02-27T23:15:49.066+0000] {standard_task_runner.py:63} INFO - Started process 64 to run task
[2026-02-27T23:15:49.067+0000] {standard_task_runner.py:90} INFO - Running: ['***', 'tasks', 'run', 'arquitectura_retail_completa', 'procesamiento.decidir_ruta', 'scheduled__2026-02-26T00:00:00+00:00', '--job-id', '14', '--raw', '--subdir', 'DAGS_FOLDER/arquitectura_retail_completa.py', '--cfg-path', '/tmp/tmp_jdq9kil']
[2026-02-27T23:15:49.074+0000] {standard_task_runner.py:91} INFO - Job 14: Subtask procesamiento.decidir_ruta
[2026-02-27T23:15:49.112+0000] {warnings.py:110} WARNING - /home/***/.local/lib/python3.12/site-packages/***/settings.py:195: DeprecationWarning: The sql_alchemy_conn option in [core] has been moved to the sql_alchemy_conn option in [database] - the old setting has been used, but please update your config.
  SQL_ALCHEMY_CONN = conf.get("database", "SQL_ALCHEMY_CONN")

[2026-02-27T23:15:49.202+0000] {task_command.py:426} INFO - Running <TaskInstance: arquitectura_retail_completa.procesamiento.decidir_ruta scheduled__2026-02-26T00:00:00+00:00 [running]> on host 8406c535e4ce
[2026-02-27T23:15:49.357+0000] {taskinstance.py:2644} INFO - Exporting env vars: AIRFLOW_CTX_DAG_OWNER='***' AIRFLOW_CTX_DAG_ID='arquitectura_retail_completa' AIRFLOW_CTX_TASK_ID='procesamiento.decidir_ruta' AIRFLOW_CTX_EXECUTION_DATE='2026-02-26T00:00:00+00:00' AIRFLOW_CTX_TRY_NUMBER='1' AIRFLOW_CTX_DAG_RUN_ID='scheduled__2026-02-26T00:00:00+00:00'
[2026-02-27T23:15:49.359+0000] {taskinstance.py:430} INFO - ::endgroup::
[2026-02-27T23:15:49.379+0000] {baseoperator.py:399} WARNING - BranchPythonOperator.execute cannot be called outside TaskInstance!
[2026-02-27T23:15:49.381+0000] {python.py:237} INFO - Done. Returned value was: procesamiento.procesamiento_pesado
[2026-02-27T23:15:49.382+0000] {branch.py:36} INFO - Branch into procesamiento.procesamiento_pesado
[2026-02-27T23:15:49.383+0000] {skipmixin.py:178} INFO - Following branch procesamiento.procesamiento_pesado
[2026-02-27T23:15:49.430+0000] {skipmixin.py:246} INFO - Skipping tasks [('procesamiento.procesamiento_completo', -1), ('procesamiento.procesamiento_rapido', -1)]
[2026-02-27T23:15:49.467+0000] {taskinstance.py:441} INFO - ::group::Post task execution logs
[2026-02-27T23:15:49.499+0000] {taskinstance.py:1205} INFO - Marking task as SUCCESS. dag_id=arquitectura_retail_completa, task_id=procesamiento.decidir_ruta, execution_date=20260226T000000, start_date=20260227T231549, end_date=20260227T231549
[2026-02-27T23:15:49.526+0000] {local_task_job_runner.py:240} INFO - Task exited with return code 0
[2026-02-27T23:15:49.574+0000] {taskinstance.py:3482} INFO - 1 downstream tasks scheduled from follow-on schedule check
[2026-02-27T23:15:49.581+0000] {local_task_job_runner.py:222} INFO - ::endgroup::
